******************************************************************************
                  TI ARM Linker Unix v20.2.4                   
******************************************************************************
>> Linked Thu Mar 18 14:40:11 2021

OUTPUT FILE NAME:   <ProyectoSE.out>
ENTRY POINT SYMBOL: "_c_int00_noargs"  address: 00000605


MEMORY CONFIGURATION

         name            origin    length      used     unused   attr    fill
----------------------  --------  ---------  --------  --------  ----  --------
  FLASH                 00000000   00100000  0000069e  000ff962  R  X
  SRAM                  20000000   00040000  00000208  0003fdf8  RW X


SEGMENT ALLOCATION MAP

run origin  load origin   length   init length attrs members
----------  ----------- ---------- ----------- ----- -------
00000000    00000000    000006a4   000006a4    r-x
  00000000    00000000    00000208   00000208    r-- .intvecs
  00000208    00000208    00000482   00000482    r-x .text
  00000690    00000690    00000014   00000014    r-- .cinit
20000000    20000000    00000208   00000000    rw-
  20000000    20000000    00000200   00000000    rw- .stack
  20000200    20000200    00000008   00000000    rw- .bss


SECTION ALLOCATION MAP

 output                                  attributes/
section   page    origin      length       input sections
--------  ----  ----------  ----------   ----------------
.intvecs   0    00000000    00000208     
                  00000000    00000208     tm4c1294ncpdt_startup_ccs.obj (.intvecs)

.text      0    00000208    00000482     
                  00000208    000002d8     teclado.obj (.text)
                  000004e0    000000e0     display.obj (.text)
                  000005c0    00000044     rtsv7M4_T_le_v4SPD16_eabi.lib : autoinit.c.obj (.text:__TI_auto_init_nobinit_nopinit:__TI_auto_init_nobinit_nopinit)
                  00000604    00000034                                   : boot_cortex_m.c.obj (.text:_c_int00_noargs:_c_int00_noargs)
                  00000638    0000001c                                   : copy_zero_init.c.obj (.text:decompress:ZI:__TI_zero_init_nomemset:__TI_zero_init_nomemset)
                  00000654    0000001c     main.obj (.text)
                  00000670    0000000c     tm4c1294ncpdt_startup_ccs.obj (.text)
                  0000067c    00000006     sysctl.obj (.text:SysCtlDelay)
                  00000682    00000004     rtsv7M4_T_le_v4SPD16_eabi.lib : pre_init.c.obj (.text:_system_pre_init)
                  00000686    00000004                                   : exit.c.obj (.text:abort:abort)

.cinit     0    00000690    00000014     
                  00000690    00000008     (.cinit..bss.load) [load image, compression = zero_init]
                  00000698    00000004     (__TI_handler_table)
                  0000069c    00000008     (__TI_cinit_table)

.init_array 
*          0    00000000    00000000     UNINITIALIZED

.bss       0    20000200    00000008     UNINITIALIZED
                  20000200    00000004     (.common:ui32Loop)
                  20000204    00000001     (.common:caracter1)
                  20000205    00000001     (.common:tecla1)
                  20000206    00000001     (.common:tecla2)
                  20000207    00000001     (.common:tecla3)

.stack     0    20000000    00000200     UNINITIALIZED
                  20000000    00000004     rtsv7M4_T_le_v4SPD16_eabi.lib : boot_cortex_m.c.obj (.stack)
                  20000004    000001fc     --HOLE--

__llvm_prf_cnts 
*          0    20000000    00000000     UNINITIALIZED

MODULE SUMMARY

       Module                          code   ro data   rw data
       ------                          ----   -------   -------
    ./
       tm4c1294ncpdt_startup_ccs.obj   12     520       0      
       main.obj                        28     0         0      
       sysctl.obj                      6      0         0      
    +--+-------------------------------+------+---------+---------+
       Total:                          46     520       0      
                                                               
    ./recursos/display/
       display.obj                     224    0         0      
    +--+-------------------------------+------+---------+---------+
       Total:                          224    0         0      
                                                               
    ./recursos/teclado/
       teclado.obj                     728    0         8      
    +--+-------------------------------+------+---------+---------+
       Total:                          728    0         8      
                                                               
    /Users/tulio/Applications/ccs/tools/compiler/ti-cgt-arm_20.2.4.LTS/lib/rtsv7M4_T_le_v4SPD16_eabi.lib
       autoinit.c.obj                  68     0         0      
       boot_cortex_m.c.obj             52     0         0      
       copy_zero_init.c.obj            28     0         0      
       exit.c.obj                      4      0         0      
       pre_init.c.obj                  4      0         0      
    +--+-------------------------------+------+---------+---------+
       Total:                          156    0         0      
                                                               
       Stack:                          0      0         512    
       Linker Generated:               0      20        0      
    +--+-------------------------------+------+---------+---------+
       Grand Total:                    1154   540       520    


LINKER GENERATED COPY TABLES

__TI_cinit_table @ 0000069c records: 1, size/record: 8, table size: 8
	.bss: load addr=00000690, load size=00000008 bytes, run addr=20000200, run size=00000008 bytes, compression=zero_init


LINKER GENERATED HANDLER TABLE

__TI_handler_table @ 00000698 records: 1, size/record: 4, table size: 4
	index: 0, handler: __TI_zero_init


GLOBAL SYMBOLS: SORTED ALPHABETICALLY BY Name 

address   name                          
-------   ----                          
00000687  C$$EXIT                       
00000671  ResetISR                      
0000067d  SysCtlDelay                   
20000200  __STACK_END                   
00000200  __STACK_SIZE                  
20000200  __STACK_TOP                   
0000069c  __TI_CINIT_Base               
000006a4  __TI_CINIT_Limit              
00000698  __TI_Handler_Table_Base       
0000069c  __TI_Handler_Table_Limit      
000005c1  __TI_auto_init_nobinit_nopinit
ffffffff  __TI_pprof_out_hndl           
ffffffff  __TI_prof_data_size           
ffffffff  __TI_prof_data_start          
00000000  __TI_static_base__            
00000639  __TI_zero_init_nomemset       
ffffffff  __binit__                     
ffffffff  __c_args__                    
UNDEFED   __mpu_init                    
20000000  __stack                       
20000000  __start___llvm_prf_cnts       
20000000  __stop___llvm_prf_cnts        
00000605  _c_int00_noargs               
UNDEFED   _system_post_cinit            
00000683  _system_pre_init              
00000687  abort                         
ffffffff  binit                         
00000519  car                           
00000271  caracter                      
20000204  caracter1                     
000004e1  com                           
00000669  config                        
000003a7  decodifica                    
00000000  g_pfnVectors                  
0000050b  inst                          
00000655  main                          
00000557  mostrarDisplay                
00000527  muestrapiso                   
00000253  retardotecla                  
0000041d  tecla                         
20000205  tecla1                        
20000206  tecla2                        
20000207  tecla3                        
00000209  tecladoConfig                 
20000200  ui32Loop                      


GLOBAL SYMBOLS: SORTED BY Symbol Address 

address   name                          
-------   ----                          
00000000  __TI_static_base__            
00000000  g_pfnVectors                  
00000200  __STACK_SIZE                  
00000209  tecladoConfig                 
00000253  retardotecla                  
00000271  caracter                      
000003a7  decodifica                    
0000041d  tecla                         
000004e1  com                           
0000050b  inst                          
00000519  car                           
00000527  muestrapiso                   
00000557  mostrarDisplay                
000005c1  __TI_auto_init_nobinit_nopinit
00000605  _c_int00_noargs               
00000639  __TI_zero_init_nomemset       
00000655  main                          
00000669  config                        
00000671  ResetISR                      
0000067d  SysCtlDelay                   
00000683  _system_pre_init              
00000687  C$$EXIT                       
00000687  abort                         
00000698  __TI_Handler_Table_Base       
0000069c  __TI_CINIT_Base               
0000069c  __TI_Handler_Table_Limit      
000006a4  __TI_CINIT_Limit              
20000000  __stack                       
20000000  __start___llvm_prf_cnts       
20000000  __stop___llvm_prf_cnts        
20000200  __STACK_END                   
20000200  __STACK_TOP                   
20000200  ui32Loop                      
20000204  caracter1                     
20000205  tecla1                        
20000206  tecla2                        
20000207  tecla3                        
ffffffff  __TI_pprof_out_hndl           
ffffffff  __TI_prof_data_size           
ffffffff  __TI_prof_data_start          
ffffffff  __binit__                     
ffffffff  __c_args__                    
ffffffff  binit                         
UNDEFED   __mpu_init                    
UNDEFED   _system_post_cinit            

[45 symbols]
