******************************************************************************
                  TI ARM Linker Unix v20.2.4                   
******************************************************************************
>> Linked Tue Mar 16 18:04:16 2021

OUTPUT FILE NAME:   <ProyectoSE.out>
ENTRY POINT SYMBOL: "_c_int00_noargs"  address: 00000525


MEMORY CONFIGURATION

         name            origin    length      used     unused   attr    fill
----------------------  --------  ---------  --------  --------  ----  --------
  FLASH                 00000000   00100000  000005b8  000ffa48  R  X
  SRAM                  20000000   00040000  00000209  0003fdf7  RW X


SEGMENT ALLOCATION MAP

run origin  load origin   length   init length attrs members
----------  ----------- ---------- ----------- ----- -------
00000000    00000000    000005bc   000005bc    r-x
  00000000    00000000    00000208   00000208    r-- .intvecs
  00000208    00000208    0000039c   0000039c    r-x .text
  000005a8    000005a8    00000014   00000014    r-- .cinit
20000000    20000000    00000209   00000000    rw-
  20000000    20000000    00000200   00000000    rw- .stack
  20000200    20000200    00000009   00000000    rw- .bss


SECTION ALLOCATION MAP

 output                                  attributes/
section   page    origin      length       input sections
--------  ----  ----------  ----------   ----------------
.intvecs   0    00000000    00000208     
                  00000000    00000208     tm4c1294ncpdt_startup_ccs.obj (.intvecs)

.text      0    00000208    0000039c     
                  00000208    000002d8     teclado.obj (.text)
                  000004e0    00000044     rtsv7M4_T_le_v4SPD16_eabi.lib : autoinit.c.obj (.text:__TI_auto_init_nobinit_nopinit:__TI_auto_init_nobinit_nopinit)
                  00000524    00000034                                   : boot_cortex_m.c.obj (.text:_c_int00_noargs:_c_int00_noargs)
                  00000558    0000001c                                   : copy_zero_init.c.obj (.text:decompress:ZI:__TI_zero_init_nomemset:__TI_zero_init_nomemset)
                  00000574    0000001c     main.obj (.text)
                  00000590    0000000c     tm4c1294ncpdt_startup_ccs.obj (.text)
                  0000059c    00000004     rtsv7M4_T_le_v4SPD16_eabi.lib : pre_init.c.obj (.text:_system_pre_init)
                  000005a0    00000004                                   : exit.c.obj (.text:abort:abort)

.cinit     0    000005a8    00000014     
                  000005a8    00000008     (.cinit..bss.load) [load image, compression = zero_init]
                  000005b0    00000004     (__TI_handler_table)
                  000005b4    00000008     (__TI_cinit_table)

.init_array 
*          0    00000000    00000000     UNINITIALIZED

.bss       0    20000200    00000009     UNINITIALIZED
                  20000200    00000004     (.common:ui32Loop)
                  20000204    00000001     (.common:caracter1)
                  20000205    00000001     (.common:tecla1)
                  20000206    00000001     (.common:tecla2)
                  20000207    00000001     (.common:tecla3)
                  20000208    00000001     (.common:teclaP)

.stack     0    20000000    00000200     UNINITIALIZED
                  20000000    00000004     rtsv7M4_T_le_v4SPD16_eabi.lib : boot_cortex_m.c.obj (.stack)
                  20000004    000001fc     --HOLE--

__llvm_prf_cnts 
*          0    20000000    00000000     UNINITIALIZED

MODULE SUMMARY

       Module                          code   ro data   rw data
       ------                          ----   -------   -------
    ./
       tm4c1294ncpdt_startup_ccs.obj   12     520       0      
       main.obj                        28     0         1      
    +--+-------------------------------+------+---------+---------+
       Total:                          40     520       1      
                                                               
    ./recursos/teclado/
       teclado.obj                     728    0         8      
    +--+-------------------------------+------+---------+---------+
       Total:                          728    0         8      
                                                               
    /Users/tulio/Applications/ccs/tools/compiler/ti-cgt-arm_20.2.4.LTS/lib/rtsv7M4_T_le_v4SPD16_eabi.lib
       autoinit.c.obj                  68     0         0      
       boot_cortex_m.c.obj             52     0         0      
       copy_zero_init.c.obj            28     0         0      
       exit.c.obj                      4      0         0      
       pre_init.c.obj                  4      0         0      
    +--+-------------------------------+------+---------+---------+
       Total:                          156    0         0      
                                                               
       Stack:                          0      0         512    
       Linker Generated:               0      20        0      
    +--+-------------------------------+------+---------+---------+
       Grand Total:                    924    540       521    


LINKER GENERATED COPY TABLES

__TI_cinit_table @ 000005b4 records: 1, size/record: 8, table size: 8
	.bss: load addr=000005a8, load size=00000008 bytes, run addr=20000200, run size=00000009 bytes, compression=zero_init


LINKER GENERATED HANDLER TABLE

__TI_handler_table @ 000005b0 records: 1, size/record: 4, table size: 4
	index: 0, handler: __TI_zero_init


GLOBAL SYMBOLS: SORTED ALPHABETICALLY BY Name 

address   name                          
-------   ----                          
000005a1  C$$EXIT                       
00000591  ResetISR                      
20000200  __STACK_END                   
00000200  __STACK_SIZE                  
20000200  __STACK_TOP                   
000005b4  __TI_CINIT_Base               
000005bc  __TI_CINIT_Limit              
000005b0  __TI_Handler_Table_Base       
000005b4  __TI_Handler_Table_Limit      
000004e1  __TI_auto_init_nobinit_nopinit
ffffffff  __TI_pprof_out_hndl           
ffffffff  __TI_prof_data_size           
ffffffff  __TI_prof_data_start          
00000000  __TI_static_base__            
00000559  __TI_zero_init_nomemset       
ffffffff  __binit__                     
ffffffff  __c_args__                    
UNDEFED   __mpu_init                    
20000000  __stack                       
20000000  __start___llvm_prf_cnts       
20000000  __stop___llvm_prf_cnts        
00000525  _c_int00_noargs               
UNDEFED   _system_post_cinit            
0000059d  _system_pre_init              
000005a1  abort                         
ffffffff  binit                         
00000271  caracter                      
20000204  caracter1                     
00000585  config                        
000003a7  decodifica                    
00000000  g_pfnVectors                  
00000575  main                          
00000253  retardotecla                  
0000041d  tecla                         
20000205  tecla1                        
20000206  tecla2                        
20000207  tecla3                        
20000208  teclaP                        
00000209  tecladoConfig                 
20000200  ui32Loop                      


GLOBAL SYMBOLS: SORTED BY Symbol Address 

address   name                          
-------   ----                          
00000000  __TI_static_base__            
00000000  g_pfnVectors                  
00000200  __STACK_SIZE                  
00000209  tecladoConfig                 
00000253  retardotecla                  
00000271  caracter                      
000003a7  decodifica                    
0000041d  tecla                         
000004e1  __TI_auto_init_nobinit_nopinit
00000525  _c_int00_noargs               
00000559  __TI_zero_init_nomemset       
00000575  main                          
00000585  config                        
00000591  ResetISR                      
0000059d  _system_pre_init              
000005a1  C$$EXIT                       
000005a1  abort                         
000005b0  __TI_Handler_Table_Base       
000005b4  __TI_CINIT_Base               
000005b4  __TI_Handler_Table_Limit      
000005bc  __TI_CINIT_Limit              
20000000  __stack                       
20000000  __start___llvm_prf_cnts       
20000000  __stop___llvm_prf_cnts        
20000200  __STACK_END                   
20000200  __STACK_TOP                   
20000200  ui32Loop                      
20000204  caracter1                     
20000205  tecla1                        
20000206  tecla2                        
20000207  tecla3                        
20000208  teclaP                        
ffffffff  __TI_pprof_out_hndl           
ffffffff  __TI_prof_data_size           
ffffffff  __TI_prof_data_start          
ffffffff  __binit__                     
ffffffff  __c_args__                    
ffffffff  binit                         
UNDEFED   __mpu_init                    
UNDEFED   _system_post_cinit            

[40 symbols]
